PS C:\Users\yashd\Downloads\MernFrontend (2)> cd MernFrontend
PS C:\Users\yashd\Downloads\MernFrontend (2)\MernFrontend> npm run db:push
>> npm run dev

> rest-express@1.0.0 db:push
> drizzle-kit push

No config path provided, using default 'drizzle.config.ts'
Reading config file 'C:\Users\yashd\Downloads\MernFrontend (2)\MernFrontend\drizzle.config.ts'
Using 'pg' driver for database querying
[✓] Pulling schema from database...
[✓] Changes applied

> rest-express@1.0.0 dev
> NODE_ENV=development tsx server/index.ts

'NODE_ENV' is not recognized as an internal or external command,
operable program or batch file.
PS C:\Users\yashd\Downloads\MernFrontend (2)\MernFrontend> npm start

> rest-express@1.0.0 start
> NODE_ENV=production node dist/index.js

'NODE_ENV' is not recognized as an internal or external command,
operable program or batch file.
PS C:\Users\yashd\Downloads\MernFrontend (2)\MernFrontend> npm install cross-env

added 2 packages, and audited 501 packages in 8s

66 packages are looking for funding
  run `npm fund` for details

9 vulnerabilities (1 low, 8 moderate)

To address issues that do not require attention, run:
  npm audit fix

To address all issues (including breaking changes), run:
  npm audit fix --force

Run `npm audit` for details.
PS C:\Users\yashd\Downloads\MernFrontend (2)\MernFrontend> npx cross-env NODE_ENV=development tsx server/index.ts
C:\Users\yashd\Downloads\MernFrontend (2)\MernFrontend\server\db.ts:9
  throw new Error(
        ^


Error: DATABASE_URL must be set. Did you forget to provision a database?
    at <anonymous> (C:\Users\yashd\Downloads\MernFrontend (2)\MernFrontend\server\db.ts:9:9)       
    at ModuleJob.run (node:internal/modules/esm/module_job:262:25)
    at async onImport.tracePromise.__proto__ (node:internal/modules/esm/loader:482:26)
    at async asyncRunEntryPointWithESMLoader (node:internal/modules/run_main:117:5)

Node.js v22.8.0
PS C:\Users\yashd\Downloads\MernFrontend (2)\MernFrontend> 